
Running 2 tests using 1 worker

  ✘  1 test.spec.js:3:1 › test for Munich Termin @munich (3.0s)
The date available is [35m2024-06-04T08:45:00.000Z[39m
The date is on or after May 9th, 2024.
  ✓  2 test.spec.js:21:1 › test for ingolstadt termin @ingolstadt (4.2s)


  1) test.spec.js:3:1 › test for Munich Termin @munich ─────────────────────────────────────────────

    Error: [31mScreenshot comparison failed:[39m

      1780 pixels (ratio 0.01 of all image pixels) are different.

    Expected: [33m/Users/hammadahmed/Documents/scrips/termin-script/tests/test.spec.js-snapshots/test-for-Munich-Termin-munich-1-darwin.png[39m
    Received: [33m/Users/hammadahmed/Documents/scrips/termin-script/test-results/test-test-for-Munich-Termin-munich/test-for-Munich-Termin-munich-1-actual.png[39m
        Diff: [33m/Users/hammadahmed/Documents/scrips/termin-script/test-results/test-test-for-Munich-Termin-munich/test-for-Munich-Termin-munich-1-diff.png[39m

    Call log:
      [2m- page._expectScreenshot with timeout 5000ms[22m
    [2m  -   verifying given screenshot expectation[22m
    [2m  - taking page screenshot[22m
    [2m  -   disabled all CSS animations[22m
    [2m  - waiting for fonts to load...[22m
    [2m  - fonts loaded[22m
    [2m  - 1780 pixels (ratio 0.01 of all image pixels) are different.[22m
    [2m  - waiting 100ms before taking screenshot[22m
    [2m  - taking page screenshot[22m
    [2m  -   disabled all CSS animations[22m
    [2m  - waiting for fonts to load...[22m
    [2m  - fonts loaded[22m
    [2m  - captured a stable screenshot[22m
    [2m  - 1780 pixels (ratio 0.01 of all image pixels) are different.[22m


      10 |   await page.waitForTimeout(1000);
      11 |   const maskedElement = await page.locator('.navButton'); 
    > 12 |   await expect(page).toHaveScreenshot({ path: './pageImages/screenshot1.png', fullPage: true, mask: [maskedElement] });
         |                      ^
      13 |   await page.locator('.navButton').nth(1).click();
      14 |   await page.waitForTimeout(1000);
      15 |   await expect(page).toHaveScreenshot({path:'./pageImages/screenshot2.png', fullPage: true, mask: [maskedElement]} );

        at /Users/hammadahmed/Documents/scrips/termin-script/tests/test.spec.js:12:22

    attachment #1: test-for-Munich-Termin-munich-1-expected.png (image/png) ────────────────────────
    tests/test.spec.js-snapshots/test-for-Munich-Termin-munich-1-darwin.png
    ────────────────────────────────────────────────────────────────────────────────────────────────

    attachment #2: test-for-Munich-Termin-munich-1-actual.png (image/png) ──────────────────────────
    test-results/test-test-for-Munich-Termin-munich/test-for-Munich-Termin-munich-1-actual.png
    ────────────────────────────────────────────────────────────────────────────────────────────────

    attachment #3: test-for-Munich-Termin-munich-1-diff.png (image/png) ────────────────────────────
    test-results/test-test-for-Munich-Termin-munich/test-for-Munich-Termin-munich-1-diff.png
    ────────────────────────────────────────────────────────────────────────────────────────────────

  1 failed
    test.spec.js:3:1 › test for Munich Termin @munich ──────────────────────────────────────────────
  1 passed (8.0s)
